<html>
<body>
<pre>
<h1>µVision Build Log</h1>
<h2>Tool Versions:</h2>
IDE-Version: µVision V5.29.0.0
Copyright (C) 2019 ARM Ltd and ARM Germany GmbH. All rights reserved.
License Information: Mohamed Ashraf, _, LIC=----
 
Tool Versions:
Toolchain:       MDK-Lite  Version: 5.29.0.0
Toolchain Path:  C:\Keil_v5\ARM\ARMCC\Bin
C Compiler:      Armcc.exe V5.06 update 6 (build 750)
Assembler:       Armasm.exe V5.06 update 6 (build 750)
Linker/Locator:  ArmLink.exe V5.06 update 6 (build 750)
Library Manager: ArmAr.exe V5.06 update 6 (build 750)
Hex Converter:   FromElf.exe V5.06 update 6 (build 750)
CPU DLL:         SARMCM3.DLL V5.29.0.0
Dialog DLL:      DARMSTM.DLL V1.68.0.0
Target DLL:      STLink\ST-LINKIII-KEIL_SWO.dll V3.0.7.0
Dialog DLL:      TARMSTM.DLL V1.66.0.0
 
<h2>Project:</h2>
C:\Users\user\Desktop\STM32_keil\Port\port.uvprojx
Project File Date:  11/25/2023

<h2>Output:</h2>
*** Using Compiler 'V5.06 update 6 (build 750)', folder: 'C:\Keil_v5\ARM\ARMCC\Bin'
Rebuild target 'Target 1'
compiling port.c...
.\includes\bit_math.h(17): warning:  #1-D: last line of file ends without a newline
  #endif /* BIT_MATH_H */
.\includes\port_cfg.h(15): warning:  #1-D: last line of file ends without a newline
  #endif /* PORT_CFG_H */
.\includes\port_PBcfg.h(15): warning:  #1-D: last line of file ends without a newline
  #endif /* PORT_PBCFG_H */
.\includes\port_private.h(28): warning:  #144-D: a value of type "int" cannot be used to initialize an entity of type "PORT_RegMap *"
  PORT_RegMap *PORT[] = {PORT_PORT_A_BASE_ADDRESS, PORT_PORT_B_BASE_ADDRESS, PORT_PORT_C_BASE_ADDRESS};
.\includes\port_private.h(28): warning:  #152-D: conversion of nonzero integer to pointer
  PORT_RegMap *PORT[] = {PORT_PORT_A_BASE_ADDRESS, PORT_PORT_B_BASE_ADDRESS, PORT_PORT_C_BASE_ADDRESS};
.\includes\port_private.h(28): warning:  #144-D: a value of type "int" cannot be used to initialize an entity of type "PORT_RegMap *"
  PORT_RegMap *PORT[] = {PORT_PORT_A_BASE_ADDRESS, PORT_PORT_B_BASE_ADDRESS, PORT_PORT_C_BASE_ADDRESS};
.\includes\port_private.h(28): warning:  #152-D: conversion of nonzero integer to pointer
  PORT_RegMap *PORT[] = {PORT_PORT_A_BASE_ADDRESS, PORT_PORT_B_BASE_ADDRESS, PORT_PORT_C_BASE_ADDRESS};
.\includes\port_private.h(28): warning:  #144-D: a value of type "int" cannot be used to initialize an entity of type "PORT_RegMap *"
  PORT_RegMap *PORT[] = {PORT_PORT_A_BASE_ADDRESS, PORT_PORT_B_BASE_ADDRESS, PORT_PORT_C_BASE_ADDRESS};
.\includes\port_private.h(28): warning:  #152-D: conversion of nonzero integer to pointer
  PORT_RegMap *PORT[] = {PORT_PORT_A_BASE_ADDRESS, PORT_PORT_B_BASE_ADDRESS, PORT_PORT_C_BASE_ADDRESS};
.\includes\port_private.h(32): warning:  #1-D: last line of file ends without a newline
  #endif /* PORT_PRIVATE_H */
src\port.c: 10 warnings, 0 errors
assembling startup_stm32f10x_md.s...
compiling RCC_program.c...
.\includes\bit_math.h(17): warning:  #1-D: last line of file ends without a newline
  #endif /* BIT_MATH_H */
.\includes\RCC_interface.h(29): warning:  #1-D: last line of file ends without a newline
  #endif /* RCC_INTERFACE_H_ */
.\includes\RCC_private.h(34): warning:  #1-D: last line of file ends without a newline
  #endif /* RCC_PRIVATE_H_ */
.\includes\RCC_config.h(48): warning:  #1-D: last line of file ends without a newline
  #endif /* RCC_CONFIG_H_ */
src\RCC_program.c(21): warning:  #191-D: type qualifier is meaningless on cast type
  		RCC_CR = 0x00010000;	/* Enable HSE without Bypass */
src\RCC_program.c(22): warning:  #191-D: type qualifier is meaningless on cast type
  		RCC_CFGR = 0x00000001;	/* select HSE as a system clock */
src\RCC_program.c(196): warning:  #191-D: type qualifier is meaningless on cast type
  			case RCC_AHB  :	SET_BIT(RCC_AHBENR  ,Copy_u8PerId);		break;
src\RCC_program.c(197): warning:  #191-D: type qualifier is meaningless on cast type
  			case RCC_APB1 :	SET_BIT(RCC_APB1ENR ,Copy_u8PerId);		break;
src\RCC_program.c(198): warning:  #191-D: type qualifier is meaningless on cast type
  			case RCC_APB2 :	SET_BIT(RCC_APB2ENR ,Copy_u8PerId);		break;
src\RCC_program.c(217): warning:  #191-D: type qualifier is meaningless on cast type
  			case RCC_AHB  :	CLR_BIT(RCC_AHBENR  ,Copy_u8PerId);		break;
src\RCC_program.c(218): warning:  #191-D: type qualifier is meaningless on cast type
  			case RCC_APB1 :	CLR_BIT(RCC_APB1ENR ,Copy_u8PerId);		break;
src\RCC_program.c(219): warning:  #191-D: type qualifier is meaningless on cast type
  			case RCC_APB2 :	CLR_BIT(RCC_APB2ENR ,Copy_u8PerId);		break;
src\RCC_program.c: 12 warnings, 0 errors
compiling main.c...
.\includes\RCC_interface.h(29): warning:  #1-D: last line of file ends without a newline
  #endif /* RCC_INTERFACE_H_ */
.\includes\port_cfg.h(15): warning:  #1-D: last line of file ends without a newline
  #endif /* PORT_CFG_H */
.\includes\port_PBcfg.h(15): warning:  #1-D: last line of file ends without a newline
  #endif /* PORT_PBCFG_H */
src\main.c: 3 warnings, 0 errors
compiling port_PBcfg.c...
.\includes\port_cfg.h(15): warning:  #1-D: last line of file ends without a newline
  #endif /* PORT_CFG_H */
.\includes\port_PBcfg.h(15): warning:  #1-D: last line of file ends without a newline
  #endif /* PORT_PBCFG_H */
src\port_PBcfg.c(48): warning:  #1-D: last line of file ends without a newline
  };
src\port_PBcfg.c: 3 warnings, 0 errors
compiling system_stm32f10x.c...
linking...
Program Size: Code=1116 RO-data=268 RW-data=224 ZI-data=1632  
".\Objects\port.axf" - 0 Error(s), 28 Warning(s).

<h2>Software Packages used:</h2>

Package Vendor: ARM
                http://www.keil.com/pack/ARM.CMSIS.5.6.0.pack
                ARM.CMSIS.5.6.0
                CMSIS (Cortex Microcontroller Software Interface Standard)
   * Component: CORE Version: 5.3.0

Package Vendor: Keil
                https://www.keil.com/pack/Keil.STM32F1xx_DFP.2.4.1.pack
                Keil.STM32F1xx_DFP.2.4.1
                STMicroelectronics STM32F1 Series Device Support, Drivers and Examples
   * Component: Startup Version: 1.0.0

<h2>Collection of Component include folders:</h2>
  .\RTE\Device\STM32F103C8
  .\RTE\_Target_1
  C:\Users\user\AppData\Local\Arm\Packs\ARM\CMSIS\5.6.0\CMSIS\Core\Include
  C:\Users\user\AppData\Local\Arm\Packs\Keil\STM32F1xx_DFP\2.4.1\Device\Include

<h2>Collection of Component Files used:</h2>

   * Component: ARM::CMSIS:CORE:5.3.0

   * Component: Keil::Device:Startup:1.0.0
      Source file:   Device\Source\ARM\startup_stm32f10x_md.s
      Source file:   Device\Source\system_stm32f10x.c
      Source file:   Device\Source\ARM\STM32F1xx_OPT.s
      Include file:  RTE_Driver\Config\RTE_Device.h
Build Time Elapsed:  00:00:01
</pre>
</body>
</html>
